{"new_change_counter":5002,"assigned_rowid":5001,"bytes_written":94208,"did_split":false,"depth_increased":false}
          ^^^^^^^
   |
   = note: `#[warn(unused_imports)]` (part of `#[warn(unused)]`) on by default

warning: unused import: `RuntimeCondition`
  --> vtab.rs:11:19
   |
11 | use crate::core::{RuntimeCondition, Value};
   |                   ^^^^^^^^^^^^^^^^

warning: value assigned to `content_used` is never read
   --> storage_fileformat.rs:338:21
    |
338 |                     content_used += cell.len();
    |                     ^^^^^^^^^^^^^^^^^^^^^^^^^^
    |
    = help: maybe it is overwritten before being read?
    = note: `#[warn(unused_assignments)]` (part of `#[warn(unused)]`) on by default

warning: value assigned to `cell_count` is never read
   --> storage_fileformat.rs:339:21
    |
339 |                     cell_count += 1;
    |                     ^^^^^^^^^^^^^^^
    |
    = help: maybe it is overwritten before being read?

warning: variable does not need to be mutable
   --> wal_shm.rs:727:9
    |
727 |     let mut header = ShmHeaderRecord {
    |         ----^^^^^^
    |         |
    |         help: remove this `mut`
    |
    = note: `#[warn(unused_mut)]` (part of `#[warn(unused)]`) on by default

warning: variable does not need to be mutable
    --> compiler/select_compile.rs:9366:9
     |
9366 |     let mut after_stage = stage_pos_base + 1;
     |         ----^^^^^^^^^^^
     |         |
     |         help: remove this `mut`

warning: constant `PAGE_TYPE_TABLE_LEAF` is never used
   --> storage_fileformat.rs:271:7
    |
271 | const PAGE_TYPE_TABLE_LEAF: u8 = 0x0D;
    |       ^^^^^^^^^^^^^^^^^^^^
    |
    = note: `#[warn(dead_code)]` (part of `#[warn(unused)]`) on by default

warning: field `region_index` is never read
   --> wal_shm.rs:124:5
    |
121 | struct Region {
    |        ------ field in this struct
...
124 |     region_index: u32,
    |     ^^^^^^^^^^^^

warning: function `read_header_record_at` is never used
   --> wal_shm.rs:363:4
    |
363 | fn read_header_record_at(slice: &[u8], offset: usize) -> Result<ShmHeaderRecord, ShmError> {
    |    ^^^^^^^^^^^^^^^^^^^^^

warning: field `kind` is never read
  --> connection_pool.rs:97:5
   |
93 | struct PreparedEntry {
   |        ------------- field in this struct
...
97 |     kind: StmtKind,
   |     ^^^^

warning: function `compile_case_in_schema` is never used
    --> compiler/select_compile.rs:3813:4
     |
3813 | fn compile_case_in_schema<'src>(
     |    ^^^^^^^^^^^^^^^^^^^^^^

warning: function `ident_text` is never used
  --> parser/create_table_stmt.rs:93:4
   |
93 | fn ident_text<'src>(tokens: &[Token<'src>], i: u32) -> Option<&'src str> {
   |    ^^^^^^^^^^

{"new_change_counter":272,"assigned_rowid":271,"bytes_written":16384,"did_split":false,"depth_increased":false}
  prefill=270 rust -> b5f1f8978407c13291c0fa124ec1e955e2b45ff4
{"new_change_counter":272,"assigned_rowid":271,"bytes_written":16384,"did_split":false,"depth_increased":false}
  prefill=270 c -> b5f1f8978407c13291c0fa124ec1e955e2b45ff4
  prefill=270 zig -> b5f1f8978407c13291c0fa124ec1e955e2b45ff4
{"new_change_counter":272,"assigned_rowid":271,"bytes_written":16384,"did_split":false,"depth_increased":false}
  prefill=270 go -> b5f1f8978407c13291c0fa124ec1e955e2b45ff4
{"new_change_counter":272,"assigned_rowid":271,"bytes_written":16384,"did_split":false,"depth_increased":false}
  prefill=270 python -> b5f1f8978407c13291c0fa124ec1e955e2b45ff4
warning: unused import: `Zeroize`
  --> encryption.rs:38:15
   |
38 | use zeroize::{Zeroize, Zeroizing};
   |               ^^^^^^^
   |
   = note: `#[warn(unused_imports)]` (part of `#[warn(unused)]`) on by default

warning: unused import: `RuntimeCondition`
  --> vtab.rs:11:19
   |
11 | use crate::core::{RuntimeCondition, Value};
   |                   ^^^^^^^^^^^^^^^^

warning: value assigned to `content_used` is never read
   --> storage_fileformat.rs:338:21
    |
338 |                     content_used += cell.len();
    |                     ^^^^^^^^^^^^^^^^^^^^^^^^^^
    |
    = help: maybe it is overwritten before being read?
    = note: `#[warn(unused_assignments)]` (part of `#[warn(unused)]`) on by default

warning: value assigned to `cell_count` is never read
   --> storage_fileformat.rs:339:21
    |
339 |                     cell_count += 1;
    |                     ^^^^^^^^^^^^^^^
    |
    = help: maybe it is overwritten before being read?

warning: variable does not need to be mutable
   --> wal_shm.rs:727:9
    |
727 |     let mut header = ShmHeaderRecord {
    |         ----^^^^^^
    |         |
    |         help: remove this `mut`
    |
    = note: `#[warn(unused_mut)]` (part of `#[warn(unused)]`) on by default

warning: variable does not need to be mutable
    --> compiler/select_compile.rs:9366:9
     |
9366 |     let mut after_stage = stage_pos_base + 1;
     |         ----^^^^^^^^^^^
     |         |
     |         help: remove this `mut`

warning: constant `PAGE_TYPE_TABLE_LEAF` is never used
   --> storage_fileformat.rs:271:7
    |
271 | const PAGE_TYPE_TABLE_LEAF: u8 = 0x0D;
    |       ^^^^^^^^^^^^^^^^^^^^
    |
    = note: `#[warn(dead_code)]` (part of `#[warn(unused)]`) on by default

warning: field `region_index` is never read
   --> wal_shm.rs:124:5
    |
121 | struct Region {
    |        ------ field in this struct
...
124 |     region_index: u32,
    |     ^^^^^^^^^^^^

warning: function `read_header_record_at` is never used
   --> wal_shm.rs:363:4
    |
363 | fn read_header_record_at(slice: &[u8], offset: usize) -> Result<ShmHeaderRecord, ShmError> {
    |    ^^^^^^^^^^^^^^^^^^^^^

warning: field `kind` is never read
  --> connection_pool.rs:97:5
   |
93 | struct PreparedEntry {
   |        ------------- field in this struct
...
97 |     kind: StmtKind,
   |     ^^^^

warning: function `compile_case_in_schema` is never used
    --> compiler/select_compile.rs:3813:4
     |
3813 | fn compile_case_in_schema<'src>(
     |    ^^^^^^^^^^^^^^^^^^^^^^

warning: function `ident_text` is never used
  --> parser/create_table_stmt.rs:93:4
   |
93 | fn ident_text<'src>(tokens: &[Token<'src>], i: u32) -> Option<&'src str> {
   |    ^^^^^^^^^^

{"new_change_counter":5002,"assigned_rowid":5001,"bytes_written":94208,"did_split":false,"depth_increased":false}
  prefill=5000 rust -> fef632262aa2b02fb620b6c3dcfab5ba55cb1bda
{"new_change_counter":5002,"assigned_rowid":5001,"bytes_written":94208,"did_split":false,"depth_increased":false}
  prefill=5000 c -> fef632262aa2b02fb620b6c3dcfab5ba55cb1bda
  prefill=5000 zig -> fef632262aa2b02fb620b6c3dcfab5ba55cb1bda
{"new_change_counter":5002,"assigned_rowid":5001,"bytes_written":94208,"did_split":false,"depth_increased":false}
  prefill=5000 go -> fef632262aa2b02fb620b6c3dcfab5ba55cb1bda
{"new_change_counter":5002,"assigned_rowid":5001,"bytes_written":94208,"did_split":false,"depth_increased":false}
  prefill=5000 python -> fef632262aa2b02fb620b6c3dcfab5ba55cb1bda
